Merlin-1_DR
Helitron-N3_DR
DNA9-3_DR
TC1DR3
EnSpm-N17_DR
EnSpm-N10_DR
ANGEL
EnSpm-6N1_DR
TDR2
IS3EU-4_DR
DNA2-7_DR
TE-X-4_DR
TDR13
DNA8-10_DR
DNA9NNN1_DR
EnSpm-N11_DR
DNA-2-18_DR
DNA9NNN1B_DR
DIRS1_DR
DNA8-21_DR
TZF28B
EnSpm-N13_DR
LOOPERN1_DR
TDR23
L2-2_DRe
Helitron-4_DR
DNAX-23_DR
DIRS1b_DR
DNA8-25_DR
DNA11TA1_DR
L2-1_DR
TDR7
TC1DR3B
Helitron-N1_DR
hAT-N127_DR
L2-3_DRe
hAT-N53_DR
TDR8
HATN8_DR
DNAX-25_DR
DNA-8-9_DR
Mariner-N2_DR
SINE3-1a
TC1DR2
Dada-U1A_DR
hAT5-N2_DR
DNA7-N2_DR
EnSpm-17_DR
DNA-6-N5_DR
DNA-6-N2_DR
MOSAT_DR
LOOPERN5_DR
SINE3-1
LOOPERN3B_DR
Harbinger3N_DR
TDR17B
A-rich
EnSpm-15_DR
EXPANDER1_DR
Kolobok-N1_DR
TE-X-7_DR
TDR13C
DNA-8-3_DR
TDR22
hAT-N21B_DR
DNA7-N1_DR
hAT-N126B_DR
HATN2_DR
HarbingerN5_DR
HATN1_DR
DNA-TTAA-2_DR
DNA-2-20_DR
Looper-N7_DR
DNA-8-34_DR
TDR5
DNA8-17_DR
DNA-2-30B_DR
DNA2-8_DR
L2-5_DRe
HATN10_DR
TDR16
DNA8-26_DR
DNA25TWA2_DR
IS3EU-1_DR
hAT-N53B_DR
DNA-8-13_DR
DNA-X-4_DR
DNA8-23_DR
TDR3
DNA2-2_DR
Tc1-4_DR
HarbingerN6_DR
DIRS-N2_DR
hAT-N21_DR
Kolobok-N5_DR
MuDR-N1_DR
DNA-X-16_DR
DNAX-16_DR
HE1_DR1
TDR1
ASAT_CY
DIRS-6_DR
DNAX-1_DR
Tc1N1_DR
EnSpm-N1_DR
Kolobok-N10_DR
DNA-1-3B_DR
Kolobok-N10B_DR
DNA-8-14_DR
DNA21TA1_DR
Polinton-1N1_DR
TDR13B
Mariner-N3_DR
DNA15TA1_DR
BRSATI
DNA2-14_DR
HARBINGERN3B_DR
TE-U_2_DR
TDR8D
HATN5_DR
HarbingerN2_DR
DNA-1-7_DR
ZFERV-2N2-I_DR
LOOPERN4B_DR
DIRS-18_DR
DNA2-3_DR
TE-X-12_DR
DNA-X-9_DR
hAT-N38_DR
TDR25
hAT-N30_DR
Dada-tL_DR
DNA-TA-4_DR
TDR8B
LOOPERN4_DR
Kolobok-N3_DR
Crypton-N1_DR
hAT-N137_DR
DNA6-1_DR
DNA-1-4_DR
DNA-X-12_DR
HarbingerN1_DR
Kolobok-N2_DR
hAT-N24_DR
HATN17_DR
HarbingerN7_DR
HarbingerN4_DR
DIRS-8_DR
IS3EU-1N1_DR
DNA-5-2_DR
P-1N2_DR
DNA-5-5_DR
Helitron-N2_DR
Harbinger-8N2_DR
EnSpm-N3B_DR
hAT-N57_DR
CryptonV-1_DR
hAT-N47B_DR
TDR13B2
DNA-1-11_DR
hAT-N134_DR
LOOPERN2_DR
TDR20
LTR-11_DR-LTR
DNA-5-8C_DR
DNA8-20_DR
HATN13_DR
DNA-TTAA0-1_DR
hAT-N29_DR
DNA8-6_DR
DNA9TA1_DR
Kolobok-N9_DR
Kolobok-N7_DR
DNA-2-2_DR
TDR19
hAT-N22_DR
HATN6_DR
DNA2-10_DR
DNA-AT-1_DR
DNA-X-2_DR
DNAX-1B_DR
Mariner-N5B_DR
LOOPERN6B_DR
Helitron-1N4_DR
piggyBac-N1_DR
DNA2-17_DR
DNA25TWA1_DR
DNA-2-4_DR
Kolobok-N2A_DR
TDR22B
DNA-2-8_DR
LOOPERN6_DR
LOOPERN3_DR
HarbingerN3_DR
DIRS-N4_DR
Kolobok-1N2_DR
LRS_DR
Kolobok-N6_DR
DIRS1a_DR
DIRS-10_DR
HATN14_DR
DNA-1-5_DR
DNA14-5-1_DR
hAT-N76_DR
DNA-2-6_DR
DNA-1-1_DR
TE-X-13_DR
TDR3B
DNA9-5_DR
hAT-N145_DR
DNA2-1_DR
DIRS-1_DR
DIRS-1-LTR_DR
DNA-N15_DR
EnSpm-4N1_DR
TE-X-3_DR
TDR24
DNA-X-3_DR
Penelope-1_DR
DIRS-N1_DR
ERV1-N1-I_DR
DNA13TA1_DR
hAT-N54_DR
DNA-2-9_DR
hAT-N26_DR
hAT-N34_DR
Harbinger-N10_DR
HATN13B_DR
DNA6-10_DR
SAT-18_DR
DNA-AT-2_DR
DNA-5-4_DR
Tc1-5_DR
DNA8-9_DR
DNA-X-11_DR
DNA2-2B_DR
DNA-6-N8_DR
DNA2-5_DR
DNA-6-N1_DR
DNA-1-2_DR
DNA-1-3_DR
L2-1B_DR
Nimb-4_DR
HarbingerN6B_DR
HATN12_DR
hAT-N32_DR
Harbinger-N13_DR
hAT-N20_DR
DNA8-4_DR
DNAX-18_DR
hAT-27N1_DR
Tc1-1_DR
Harbinger-N9_DR
SAT-2_DR
DNA-8-32_DR
EnSpm-16_DR
Tc1-7_DR
LTR1_DR
Kolobok-1N3_DR
Rex1-40_DRe
Mariner-7_DR
Mariner-6_DR
EnSpm-N6_DR
BHIKHARI-5-I_DR
tRNA-3_DRe
DNA-8-24_DR
hAT-N121_DR
DIRS-4N1_DR
DNA-5-6_DR
Zisupton-2_DR
DNA2-9_DR
DNA8-4A_DR
DNA-8-22_DR
DNA-N4_DR
DNA-5-8B_DR
hAT-N42_DR
piggyBac-N9_DR
HATN12B_DR
hAT-N35_DR
TDR12
hAT-N25_DR
EnSpm-10N1_DR
DNA-6-N9_DR
hAT-N135_DR
DNA-4-3_DR
DNA2-11_DR
DIRS-4N2_DR
hAT-N126_DR
SINE2-1_DR
DNA-3-2B_DR
hAT-N92_DR
HATN3B_DR
TE-X-1B_DR
DNA-2-16_DR
EnSpm-N5_DR
DIRS-8B_DR
hAT-N94_DR
MSAT-2_DR
DIRS-7_DR
Kolobok-N2B_DR
DNA-6-N4_DR
EnSpm-N4B_DR
DNA-X-2B_DR
DNA-5-1_DR
DNA8-7_DR
DNA-8-30_DR
SAT-14_DR
LINEX-1_DR
Mariner-N7_DR
hAT-N58_DR
Kolobok-4_DR
Harbinger-2_DR
DNA-3-3_DR
HARBINGERN2B_DR
Helitron-1N1_DR
hAT-N130_DR
DNA4-1B_DR
DNA13TA1a_DR
hAT-N133_DR
Mariner-N5_DR
DNA-5-2B_DR
DIRS-1E-LTR_DR
Helitron-N4_DR
EnSpmN1_DR
hAT-N49_DR
Harbinger3_DR
DNA-8-27_DR
hAT-N141_DR
Harbinger-N12_DR
Harbinger-N11_DR
TE-2-1_DR
DNA-4-1_DR
hAT-N122_DR
DNA-2-12_DR
REX1-1_DR
hAT-N35C_DR
DNA8-3_DR
hAT-N129_DR
hAT-N48_DR
hAT-N50B_DR
DNA-2-1_DR
DNA9-2_DR
ENSPM-2N_DR
HATN7_DR
DNA-8-28_DR
tRNA-1_DRe
EnSpm-7_DR
hAT-N91_DR
hAT-N142_DR
hAT-N44_DR
hAT-N96_DR
Copia-11B_DR-LTR
DNA-3-1_DR
hAT-N23_DR
hAT-N32D_DR
EnSpm-11_DR
hAT-N36C_DR
hAT-N88_DR
hAT-N117_DR
DNA-5-8E_DR
DNA-2-10_DR
DNA-X-6_DR
EnSpm-N3C_DR
piggyBac-N2_DR
TDR17
ERV1-N1-LTR_DR
Gypsy-169-I_DR
DNA-8-26_DR
DNA-3-2_DR
MOSAT-2_DR
hAT-N64_DR
DNA2-13_DR
ACROBAT1
DNA2-15_DR
KolobokN78B_DR
DNAX-10B_DR
hAT-N35B_DR
GA-rich
DNA-X-5_DR
TDR9
DNA-2-24B_DR
Kolobok-N4_DR
hAT-N66B_DR
Harbinger-5_DR
Harbinger-1N1_DR
MuDR-1_DR
DNA3-1_DR
TDR6
TZF28C
hAT-N51_DR
DNA-9-1_DR
DNA-1-8_DR
Polinton-2N1_DR
hAT-N52_DR
SINE_DR1
L2-33_DRe
DNA8-8_DR
IS3EU-3_DR
L1-11_DR
hAT-N41_DR
DNA-8-1_DR
DNA-5-3_DR
DNA-1-6_DR
Gypsy97-I_DR
DNA-TA-5_DR
ERV1-N3-LTR_DR
DNA-2-17_DR
hAT-N79_DR
DNA-1-9_DR
DNA-8-8_DR
hAT-N63_DR
EnSpm-N16_DR
EnSpm-N2_DR
DNA-X-8_DR
DNAX-19_DR
TE-U_1_DR
hAT-N36_DR
HATN11B_DR
DNA-8-11_DR
Copia-12_DR-LTR
DNA-5-7_DR
HATN5A_DR
HAT1N_DR
LTR2B_DR
DIRS-N3_DR
DNA-3-6_DR
DNA-2-7_DR
hAT-N31_DR
piggyBac-N4_DR
hAT-N108_DR
EnSpm-N4_DR
DNA-8-12_DR
hAT-N56_DR
hAT-11_DR
ERV1-N9B-LTR_DR
Tc1-6_DR
TE-X-11_DR
ERV1-N8-I_DR
EnSpm-N14_DR
L1-5_DR
DNA-X-17_DR
hAT-N50_DR
ERV1-N2-LTR_DR
hAT-N138_DR
L1-2_DR
Gypsy159-I_DR
DNAX-24_DR
Kolobok-N8_DRe
DNA-8-25_DR
Mariner-N19_DR
piggyBac-N5_DR
EnSpm-N7B_DR
hAT-N69_DR
DNA-8-5_DR
DNA9-4_DR
hAT-28N1_DR
DNA9-6_DR
hAT-N67_DR
DIRS-1C-LTR_DR
hAT-N146_DR
EnSpm-N7_DR
DIRS-15B_DR
hAT-N86_DR
hAT-25N1_DR
DIRS-17_DR
HAT1-N1B_DR
hATN-28_DRe
DNA-5-9_DR
DNA-4-2_DR
hAT-N25B_DR
hAT-N45_DR
Kolobok-N11_DR
SAT-15_DR
IS4EU-1_DR
DIRS-1F-LTR_DR
I-3_DR
piggyBac-N5B_DR
hAT-N89_DR
DNA-8-2_DR
BHIKHARI-5-LTR_DR
PROTOP1_DR
HATN3_DR
DNAX-10_DR
DNA-TA-7_DR
TDR4
DNA8-12_DR
Copia-11I_DR-LTR
DNA-TTAA0-3_DR
TE-X-6_DR
DIRS-2_DR
hAT-N18_DR
SAT-1_DR
SAT-17_DR
Daphne-27_DRe
ERV1-N5-I_DR
GypsyDR1
hAT-N60_DR
Harbinger-4_DR
ERV1-3-I_DR
LTR-8_DR
DNA8-19_DR
TDR3C
DNA-6-N6_DR
DNA-6-N7_DR
hAT-N107_DR
Kolobok-1N1_DR
hAT-N110_DR
Gypsy101-I_DR
hAT-N68_DR
piggyBac-N13_DR
DNA-2-30_DR
DIRS-6B_DR
Copia-7-I_DR
DNA-8-6_DR
piggyBac-N3_DR
DNA-TA-1_DR
Mariner-N8_DR
EnSpm-4N2_DR
hAT-N65_DR
ZFERV-2N1-I_DR
SAT-12_DR
Mariner-10_DR
DIRS-1D-LTR_DR
DNA8-1_DR
REX1-2_DR
Polinton-1_DR
SINE2-1B_DR
hAT-N39_DR
Mariner-N6_DR
hAT-N40_DR
Copia-11C_DR-LTR
EnSpm-3_DR
DNA-5-8_DR
TE-X-15_DR
DNA-3-5_DR
hAT-N106_DR
hAT-N70_DR
DIRS-3_DR
SINE2-5_DR
hAT-N46_DR
hATN13C_DR
Gypsy150-I_DR
DNA-TTAA-1_DR
DNA-8-16_DR
hAT-N102_DR
hAT-N32E_DR
L1-60_DR
hAT-N27_DR
5S
Helitron-1N2_DR
REX1-5_DR
Kolobok-N13_DR
SAT-10_DR
DNA-8-4_DR
EnSpm-N15_DR
DNA-4-4_DR
SAT-23_DR
DNA2-32B_DR
DNA-8-36B_DR
HATN4_DR
TE-X-1_DR
hAT-N152_DR
hAT-N104_DR
DIRS-5_DR
TDR8C
SAT-20_DR
Academ-N1_DRe
DNA6-1B_DR
DNA-8-21_DR
DNA8-5_DR
LOOPERN7_DR
DNA-8-23_DR
hAT-N131_DR
Copia-8-LTR_DR
DNA-8-11B_DR
hAT-2n1_DR
L2-16_DRe
SAT-19_DR
DNA-2-11_DR
DNA-TTAA0-4_DR
Mariner-N13_DR
DNA-2-29_DR
DNA-5-1B_DR
Copia-13B_DR-LTR
TDR15
DNA-2-3_DR
Mariner-N1_DR
Mariner-N14_DR
L1-33_DR
DNA-8-35_DR
Rex1-31_DRe
hAT-N55_DR
ERV1-N3B-LTR_DR
hAT-N54B_DR
hAT-N45B_DR
DNA8-8B_DR
DNA-TTAA0-5_DR
MSAT-3_DR
hAT-N114_DR
hAT-N132_DR
BHIKHARI_LTR
Looper-N8_DR
DNA6-9B_DR
IS3EU-4N_DR
hAT-N41B_DR
DNA-10-1_DR
DNA-8-15_DR
CR1-25_DR
DNA-4-5_DR
DNAX-15_DR
P-1N3_DR
hAT-24N1_DR
HATN11_DR
CR1-18_DR
DNA-6-N3_DR
BHIKHARI-2-LTR_DR
Kolobok-1_DR
DNA-8-7_DR
Gypsy161-I_DR
DNA8-22_DR
DNA-2-14_DR
hAT-N66_DR
Copia-13_DR-I
DNA2-4_DR
DNA8-13_DR
hAT-N52B_DR
DNA6-8_DR
DNA-2-19_DR
Gypsy-173_DR-I
Harbinger-2N1_DR
hAT-N74_DR
LTR5B_DR
DIRS-15_DR
hAT-4_DR
DANA
L2-4_DRe
hAT-N101_DR
EnSpm-9_DR
L2-14_DRe
RTEX-2_DR
TDR18
hAT-N124_DR
hAT-31_DR
DNA-2-21_DR
Copia-11F_DR-LTR
SINE2-2_DR
DNA-X-7_DR
ERV1-N5-LTR_DR
DNA-TA-2_DR
EnSpm-10_DR
DIRS-1D-I_DR
EnSpm-3N1_DR
DNA8-4B_DR
DNA-8-29_DR
Zisupton-5_DR
Copia-11G_DR-LTR
Nimb-7_DR
Gypsy-168-LTR_DR
HARBINGERN2C_DR
hAT-N87_DR
Kolobok-3_DR
piggyBac-N11_DR
DNA8-4C_DR
REX1-3_DR
ERVN1-LTR_DR
ERV1-N3-I_DR
hAT-N109_DR
Dada-tA_DR
P-1_DR
Tx1-27_DR
LTR-6_DR
IS3EU-5_DR
I-4_DR
hAT-2_DR
EnSpm-N8_DR
DNA-1-10_DR
hAT-N128_DR
CR1-12_DR
hAT-N75_DR
L1-53_DR
DNA-AT-3_DR
Copia-10B_DR-LTR
ERV1-N4-LTR_DR
L1-15_DR
hAT-N90_DR
Mariner-N16_DR
L2-6_DRe
DIRS-1B-LTR_DR
hAT-N150_DR
DNA8-3C_DR
HATN16_DR
DNA5-6B_DR
L1-97_DR
EnSpm-2_DR
Mariner-5_DR
Mariner-N20_DR
Harbinger-1_DR
DNA-X-14_DR
EnSpm-12_DR
L1-92_DR
L2-32_DRe
hAT-N120_DR
ERV2_DR-I
L2-17_DRe
LTR1B_DR
hAT-32N1_DR
DNAX-17_DR
DNA-8-19_DR
DNA2-6_DR
hAT-N37_DR
DNA-X-4B_DR
Copia-7-LTR_DR
DNA-X-10_DR
hAT-N125_DR
BHIKHARI-3-LTR_DR
Rex1-38_DRe
Copia-6-I_DR
Tx1-11_DR
ERV1-N7-I_DR
DNAX-1C_DR
hAT-N103_DR
SAT-22_DR
L2-41_DRe
Copia-11_DR-LTR
hATN96B_DR
L2-34_DR
Zisupton-1_DR
Copia-11E_DR-LTR
L2-9_DRe
hAT-N149_DR
DNA-8-10_DR
DNA-8-31_DR
L2-35_DRe
Harbinger-N15_DR
DIRS-14_DR
hAT-N59B_DR
Rex1-15_DRe
Nimb-17_DRe
Tx1-31_DR
Gypsy-115-I_DR
ENSPM-6_DR
L2-52_DR
Gypsy-199_DR-LTR
hAT-N32C_DR
BEL-64_DRe-I
IS4EU-2_DR
Rex1-23_DRe
hAT-N58B_DR
Gypsy108-LTR_Dr
SAT-7_DR
Copia-15_DR-LTR
EnSpm-14N1_DR
BHIKHARI-4-LTR_DR
L2-43_DR
hAT-N78_DR
Gypsy-22-LTR_DR
DIRS-9C_DR
ERV1-N3D-LTR_DR
Tx1-4_DR
Gypsy-168-I_DR
Gypsy-28B-I_DR
L1-27_DR
DNA8-3B_DR
hAT-N139_DR
DNA-8-33_DR
L1-42_DR
DNA-TTAA0-6_DR
hAT-N59_DR
DNA-2-27_DR
Tx1-19_DR
Copia-13B_DR-I
TZF28
SINE2-4_DR
DNAX-17B_DR
ERV3_DR_LTR
Chaplin1A_DR
ERV2_DR-LTR
Helitron-1N3_DR
DNA-8-36_DR
hAT-N95_DR
DNA-2-23_DR
DNA16TA1_DR
Mariner-8_DR
Mariner-1_DR
Gypsy101-LTRb_DR
Tx1-28_DR
L1-20_DR
Gypsy47-LTR_DR
DIRS-4N1-LTR_DR
L1-67_DR
ERV1-N9-LTR_DR
DNA-X-13_DR
DIRS-9_DR
BHIKHARI_I-int
hAT-N116_DR
hAT-N105_DR
EnSpm-18_DR
RTEX-5_DR
MSAT-4_DR
L1-1_DR
hAT-N72_DR
KenoDr1
DNA-8-18_DR
hAT-N123_DR
hAT-N111_DR
Tx1-14_DR
ERV1-8_DR-LTR
hAT-N85_DR
GypsyDR2
hAT-N81_DR
Crack-3_DR
tRNA-Pro-CCY
hAT-N71_DR
L1-69_DR
Tx1-39_DR
Kolobok-N7B_DR
Gypsy108-I_Dr
REX1-4_DR
Gypsy-16-LTR_DR
Kolobok-N12_DR
DNA-X-15_DR
DNA-TTAA0-2_DR
DIRS-4_DR
tRNA-Gly-GGY
Tx1-23_DR
ERV1-10_DR-I
hAT-N61_DR
L1-4B_DR
SINE_TE
Crack-2_DR
Mariner-12_DR
L1-55_DR
Gypsy-169-LTR_DR
hAT-N19_DR
DIRS-16_DR
Sat-5_DR
TE-X-10_DR
LTR-11_DR-I
SAT-9_DR
L2-8_DR
LINEX-2_DR
SUSHIIDR1
hAT-N126C_DR
L1-25_DR
Copia-11D_DR-LTR
DNA-2-33_DR
EnSpm-5_DR
Tx1-48_DR
NonLTR-1C_DR
L2-11_DRe
ERVN1-I_DR
LRS-2_DR
DNA6-4_DR
DNA-5-8D_DR
hAT-N32B_DR
CR1-46_DR
L1-58_DR
L1-14_DR
Kolobok-2_DR
hAT-N62_DR
L2-46_DR
DNA-8-17_DR
hATN4B_DR
Gypsy-28-I_DR
L2-42_DRe
Gypsy41-LTR_DR
CR1-37_DR
Gypsy101-LTR_DR
TE-X-2_DR
Gypsy97-LTR-B_DR
I-2_DR
CR1-10_DR
hAT-N28_DR
Copia-16_DR-LTR
L1-38_DR
Harbinger-3N2_DR
L1-32_DR
L1-30_DR
Rex1-21_DRe
Gypsy155-LTR_DR
L1-37_DR
CR1-24_DR
DIRS-4N2-LTR_DR
DNA-TA-6_DR
Penelope-4_DR
Copia-13C_DR-I
Chaplin1B_DR
CR1-51_DR
CR1-42_DR
DNA6-9_DR
L1-31_DR
L1-4_DR
hAT-N148_DR
hAT-20_DR
DNA-2-28_DR
piggyBac-N8_DR
hAT-N36B_DR
DIRS-4N3_DR
Rex1-50_DR
Copia6-LTR_DR
L1-71_DR
Tx1-6_DR
DNA-TA-3_DR
DNAX-20_DR
DIRS-9B_DR
GypsyDR1_LTR
L1-52_DR
CR1-22_DR
hAT-30_DR
MSAT-5_DR
Gypsy50-LTR_DR
DNA-2-13_DR
L1-84_DR
L1-40_DR
L1-6_DR
ERV1-5_DR-I
RTEX-1_DR
hAT-N47_DR
L1-44_DR
L2-44_DR
Rex1-20_DRe
Copia-8-I_DR
Gypsy-16-I_DR
Gypsy-213_DR-LTR
Nimb-13_DR
L1-75_DR
Rex1-30_DRe
CR1-44_DR
L1-54_DR
Tx1-5_DR
DNAX-21_DR
SAT-25_DR
Penelope-3B_DR
Gypsy-165-I_DR
Mariner-11_DR
DNA-2-15_DR
Tx1-12_DR
Gypsy5-LTR_DR
L1-66_DR
L1-86_DR
Dada-U6N1_DR
CATCH3I_DR
L1-34_DR
HERO-2_DR
I-1_DR
DNA-TA-8_DR
L1-12_DR
Crack-4_DR
Tx1-29_DR
ERV2B-LTR_DR
L1-49_DR
EnSpm-N18_DR
Rex1-26_DRe
HATN15_DR
EnSpm-14_DR
DNA8-18_DR
L2-49_DR
Tx1-20_DR
Gypsy164B-I_DR
hAT-10_DR
ERV4_DR-I
DNA6-5_DR
Tx1-17_DR
EnSpm-N19_DR
hAT-N80_DR
L1-18_DR
L1-39_DR
Helitron-3_DR
L1-82_DR
Rex1-53_DR
L1-85_DR
L1-50_DR
Mariner-N21_DR
LTR5_DR
L2-36B_DRe
Nimb-1_DR
DIRS-4N4-LTR_DR
CryptonA-1_DR
DNA-3-6B_DR
L1-112_DR
L2-50_DR
Tx1-22_DR
Gypsy-223_DR-I
L1-56_DR
LmeSINE1c
Gypsy121-I_DR
Tx1-36_DR
DNA6-3_DR
L1-98_DR
DNA-CCGG-1_DR
Tc1-8B_DR
L1-43_DR
DNA8-2_DR
TE-X-8_DR
L1-83_DR
L1-19_DR
hAT-5_DR
L1-7_DR
NonLTR-1B_DR
Mariner-N11_DR
Tx1-2_DR
L1-90_DR
hAT-N147_DR
Gypsy138-I_DR
NonLTR-1_DR
Crack-1_DR
Gypsy69-I_DR
L1-74_DR
L2-13B_DRe
Gypsy161-LTR_DR
DNA-3-1B_DR
Harbinger-N14_DR
L1-35_DR
Gypsy90-I_DR
Copia-10_DR-LTR
L2-45_DR
Gypsy148-LTR_DR
Rex1-19_DRe
piggyBac-N7_DR
LTR-9_DR
EnSpm-N14B_DR
L2-55_DR
EnSpm-19_DR
DIRS-1G-LTR_DR
Tx1-10_DR
L1-9_DR
L1-45_DR
Gypsy139-I_DR
hAT-N100B_DR
Mariner-3_DR
L1-109_DR
L1-16_DR
DNA6-2_DR
Harbinger-N16_DR
L1-94_DR
Tx1-7_DR
hAT-N115_DR
L1-65_DR
Gypsy96-I_DR
L2-13_DRe
L1-51_DR
L1-47_DR
Tx1-25_DR
Gypsy-173_DR
L1-46_DR
Tx1-45_DR
Gypsy-117-LTR_DR
Mariner-2_DR
BEL-43_DRe-I
Gypsy-197_DR-I
Gypsy-116-LTR_DR
L1-68_DR
L1-13_DR
Tx1-13_DR
Tx1-8_DR
hAT-N73_DR
L2-36_DRe
Gypsy40-LTR_DR
Copia-11H_DR-LTR
L1-3_DR
CR1-49_DR
EnSpm-N12_DR
Gypsy-187_DR-LTR
Gypsy42B-LTR_DR
Rex1-28_DRe
Gypsy127-LTR_DR
Gypsy-199_DR-I
L1-23_DR
Gypsy-193_DR-I
Copia-13_DR-LTR
Gypsy35-LTR_DR
Tx1-21_DR
Nimb-2_DR
Tx1-24_DR
L1-17_DR
L1-59_DR
L1-21_DR
CryptonH-1_DR
Tx1-42_DR
hAT-N77_DR
BEL-56_DRe-I
Gypsy-150-LTRb_DR
L1-61_DR
Gypsy148-LTRb_DR
ERV1-4_DR-LTR
L1-72_DR
tRNA-2_DRe
L1-70_DR
Tx1-3_DR
Mariner-9_DR
L1-107_DR
EnSpm-N3_DR
Harbinger2_DR
Gypsy7-I_DR
Gypsy-29-I_DR
REX1-8_DR
DNA8-14_DR
Nimb-16_DR
SINE2-3_DR
Gypsy8-I_DR
Rex1-54_DR
SAT-16_DR
hATN78B_DR
Mariner-4_DR
Gypsy135-I_DR
ERV1-N9-I_DR
hAT-N100_DR
Gypsy10-I_DR
RTE-1_DR
DNA-2-25_DR
L1-24_DR
Tx1-18_DR
DNA-3-4_DR
hAT-17_DR
hAT-7_DR
ACROBAT2
L1-104_DR
DNA-2-33B_DR
LTR-10_DR
DNAX-26_DR
Gypsy49-I_DR
ERV1-3-LTR_DR
DNA8-15_DR
Ginger1-1_DR
L1-8_DR
Nimb-3_DR
CR1-54_DR
Rex1-6_DR
L1-96_DR
DIRS-13_DR
DNAX-27_DR
Copia-9-LTR_DR
Gypsy-115-LTR_DR
Dada-U1B_DR
HarbingerN8_DR
SAT-21_DR
L1-48_DR
Gypsy-28-LTR_DR
hAT-15_DR
L1-36_DR
Tx1-16_DR
L2-56_DR
HAT1_DR
DIRS-12_DR
Gypsy152B-I_DR
L1-26_DR
piggyBac-N12_DR
DNA-2-22_DR
Gypsy-31-I_DR
Gypsy152B-LTR_DR
RTEX-4_DR
BEL27-I_DR
hAT-N93_DR
Gypsy37-I_DR
Togen-1_DR
SAT-13_DR
Harbinger1_DR
Gypsy-215_DR-LTR
ERV1-2-I_DR
Gypsy41-I_DR
Gypsy45-I_DR
ERV1-1B_DR-I
Copia-16_DR-I
L1-78_DR
Gypsy-220_DR-LTR
L1-62_DR
piggyBac-N6_DR
L1-106_DR
ERV1-4_DR-I
Gypsy6-LTR_DR
Gypsy43-LTR_DR
U6
hAT-N140_DR
Gypsy77-I_DR
Gypsy91-I_DR
L2-54_DR
BHIKHARI-2-I_DR
Tx1-1_DR
Gypsy-171-LTR_DR
Tx1-32_DR
Gypsy42-I_DR
ZFERV_I-int
Gypsy-167-LTR_DR
DNAX-24B_DR
hAT-N118_DR
Tx1-38_DR
L2-7_DRe
Gypsy-31-LTR_DR
hAT-12_DR
ERV1-2-LTR_DR
Nimb-14_DR
Gypsy-15-I_DR
L1-101_DR
ERV1-N8-LTR_DR
L1-79_DR
Gypsy98-I_Dr
REX1-7_DR
Gypsy-32-LTR_DR
Gypsy-32-I_DR
Gypsy77-LTR_DR
Gypsy-34-I_DR
Tx1-15_DR
Gypsy-166-I_DR
Gypsy-200_DR-LTR
Gypsy-131_DR-I
Gypsy64-I_DR
Copia-14_DR-I
ERV1-1B_DR-LTR
CR1-55_DR
tRNA-Gly-GGG
Tx1-50_DR
DNA8-10B_DR
Harbinger-8_DR
BEL-65_DRe-I
L1-63_DR
Gypsy-28B-LTR_DR
L1-81_DR
KibiDr1
Gypsy-22-I_DR
L1-108_DR
Gypsy-194_DR-I
BEL-59_DRe-I
Gypsy47-I_DR
Gypsy50-I_DR
BEL5-I_DR
tRNA-Leu-CTY
hAT-28_DR
HE2_DR
Gypsy118-I_DR
DRSATII
Copia2-LTR_DR
hAT-14_DR
Gypsy-184_DR-I
Rex1-43_DRe
Gypsy37-LTR_DR
DIRS-4N5-LTR_DR
I-5_DR
Harbinger-N13B_DR
L1-102_DR
Tc1-8_DR
Gypsy-165-LTR_DR
L1-95_DR
Tx1-49_DR
L2-47_DR
Nimb-6_DR
Nimb-9_DR
ERV3_DR-I
DNA8-24_DR
Gypsy102-I_DR
DNAX-22_DR
tRNA-Ser-TCY
tRNA-Val-GTG
Gypsy-27-LTR_DR
Copia-15B_DR-LTR
L1-103_DR
Gypsy-200_DR-I
Tx1-33_DR
Gypsy59-LTR_DR
ERV1-N6-LTR_DR
Gypsy-210_DR-I
L1-64_DR
ERV1-2B-LTR_DR
Rex1-29_DRe
DNA-2-34_DR
ERV1-N7-LTR_DR
DNA-2-26_DR
hAT-N113_DR
Gypsy164-LTR_DR
Nimb-8_DR
Gypsy13-I_DR
SAT-3_DR
Nimb-11_DR
Gypsy-189_DR-I
hAT-N151_DR
ERV1-1-I_DR
Tx1-37_DR
Gypsy-194_DR-LTR
DNA-2-31_DR
Gypsy105-I_Dr
Nimb-12_DR
L1-57_DR
Tx1-30_DR
Penelope-3_DR
Gypsy-194B_DR-LTR
Gypsy46-I_DR
DNA-8-20_DR
Gypsy-209_DR-I
ERV1-9_DR-LTR
Copia5-I_DR
Ngaro1_DR
Gypsy70-I_DR
BEL11-I_DR
Gypsy6-I_DR
L1-89_DR
Gypsy39-LTR_DR
hAT-N136_DR
Gypsy3-I_DR
Gypsy11-I_DR
Gypsy69-LTR_DR
Gypsy147-LTR_DR
Gypsy-176_DR-I
Gypsy91-LTR_DR
Chaplin1_DR
Gypsy59-I_DR
ERV1_DR-I
Gypsy-24-I_DR
L1-91_DR
LTR12_DR
BEL-63_DRe-I
Gypsy133-LTR_DR
DNA-TTAA0-7_DR
Harbinger2N_DR
Gypsy40-I_DR
BEL-46_DRe-I
Gypsy36-I_DR
Gypsy-209_DR-LTR
Gypsy-232_DR-LTR
Gypsy124-LTR_DR
Dada-U6_DR
L1-73_DR
Gypsy-126_DR-LTR
Gypsy39B-LTR_DR
Gypsy103-I_Dr
L1-Tx1-1_DR
Gypsy-24-LTR_DR
Gypsy42-LTR_DR
Gypsy45-LTR_DR
Mariner-N10_DR
tRNA-Leu-CTG
Gypsy98-LTR_Dr
Gypsy8-LTR_DR
BEL24-I_DR
Tx1-41_DR
Gypsy39-I_DR
Gypsy-34-LTR_Dr
tRNA-Lys-AAA
Gypsy116-I_DR
Gypsy127-I_DR
EnSpm1_DR
Gypsy11-LTR_DR
Gypsy36-LTR_DR
Tx1-26_DR
hAT-27_DR
BEL8-I_DR
L1-110_DR
tRNA-His-CAY
hAT5-N1_DR
BEL-38-I_DR
Gypsy119-LTR_DR
Gypsy148-I_DR
L1-10_DR
Gypsy-21-I_DR
Gypsy94-I_DR
hAT-24_DR
Gypsy124-I_DR
Gypsy-171_DR-I
Gypsy106-I_DR
BEL-54_DRe-I
hAT-N97_DR
Gypsy-116-I_DR
BEL-61_DRe-I
Gypsy-188_DR-I
BEL-42_DRe-LTR
Gypsy100-I_DR
Gypsy136-I_DR
BEL-37-LTR_DR
ERV1-5_DR-LTR
ERV1-N4-I_DR
Gypsy-15-LTR_DR
Copia1-I_DR
KibiDr2
CATCH2I_DR
Mariner-N15_DR
L1-100_DR
L1-22_DR
BEL-42_DRe-I
Gypsy44-I_DR
Gypsy76-I_DR
ERV1-I_DR
L2-51_DR
TE-X-14_DR
Gypsy135-LTR_DR
BEL36-I_DR
Gypsy164-I_DR
Gypsy81-LTR_Dr
ERV1-N6-I_DR
Mariner-N18_DR
Gypsy-117-I_DR
BEL4-I_DR
Gypsy118-LTR_DR
Gypsy157-I_DR
Gypsy158-I_DR
DNA-AT-4_DR
Gypsy-233_DR-I
Tx1-46_DR
Tx1-47_DR
Tx1-34_DR
L2-48_DR
Gypsy44-LTR_DR
hAT-N82_DR
L1-88_DR
Rex1-55_DR
Mariner-N12_DR
Gypsy10-LTR_DR
Nimb-15_DR
BEL-62_DRe-I
Tx1-44_DR
BEL-26_DR-I
Gypsy84-I_DR
Gypsy149-I_DR
LTR-15_DR
BEL-40_DRe-I
REX1-9_DR
BEL7-I_DR
Gypsy-216_DR-LTR
BEL25-I_DR
Gypsy81-I_Dr
Gypsy-227_DR-LTR
tRNA-Arg-AGG
Gypsy89-I_DR
Gypsy-230_DR-LTR
Gypsy-212_DR-LTR
Gypsy-129_DR-I
Gypsy-229_DR-LTR
Gypsy72-I_DR
HERODr
DNA-2-24_DR
Gypsy128-I_DR
Gypsy62-I_DR
Gypsy53-I_DR
BEL12-I_DR
Gypsy-30-I_DR
BHIKHARI-4-I_DR
tRNA-Pro-CCG
L2-53_DR
ISL2EU-1_DR
Helitron-5_DR
Tx1-40_DR
Gypsy-33-LTR_DR
Tx1-35_DR
Gypsy87-I_DR
Gypsy13-LTR_DR
hAT-6_DR
BEL20-I_DR
Gypsy145-I_DR
Gypsy-207_DR-I
tRNA-Leu-TTG
tRNA-Pro-CCA
Gypsy-221_DR-LTR
Gypsy-193_DR-LTR
Gypsy62-LTR_DR
BEL18-I_DR
Gypsy147-I_DR
EnSpm-13_DR
hAT-N98_DR
Gypsy117-I_DR
Gypsy-167-I_DR
Ginger1-N1_DR
Gypsy-195_DR-I
Gypsy-25-LTR_DR
hAT-N143_DR
Gypsy-33-I_DR
Rex1-52_DR
EnSpm-N20_DR
Gypsy99-I_DR
BEL-52_DRe-I
Gypsy83-I_DR
Gypsy83-LTR_DR
G-rich
Gypsy-190_DR-I
BEL5-LTR_DR
Gypsy43-I_DR
DNA2-12_DR
Gypsy82-I_Dr
Gypsy96-LTR_DR
ERV1-N3C-LTR_DR
BEL22-I_DR
tRNA-Ile-ATT
Gypsy106-LTR_DR
ERV1-N2-I_DR
hAT-N119_DR
ERV1-10_DR-LTR
Gypsy132-I_DR
BELPADRE_I-int
hAT-13_DR
Gypsy-224_DR-LTR
Gypsy-214_DR-I
BEL31-LTR_DR
Gypsy-27-I_DR
Copia-17_DR-LTR
Gypsy97-LTR_DR
Gypsy66-I_DR
Gypsy67-I_DR
Gypsy137-I_DR
Gypsy-14-I_DR
hAT-22_DR
BEL35-I_DR
Gypsy154-I_DR
BEL-47_DRe-LTR
Gypsy61-I_DR
LSU-rRNA_Hsa
Gypsy92-I_DR
Gypsy-26-I_DR
BEL19-LTR_DR
hAT-32_DR
piggyBac-1_DR
Gypsy58-I_DR
BEL3-I_DR
Gypsy-223_DR-LTR
Copia4-I_DR
HERO-3_DR
SSU-rRNA_Hsa
tRNA-Met-i
Gypsy63-I_DR
Gypsy82-LTR_Dr
hAT-N112_DR
DNA6-7_DR
Gypsy-228_DR-LTR
Gypsy-182_DR-LTR
hAT-16_DR
BEL19-I_DR
hAT-23_DR
Gypsy80-I_DR
Gypsy-126_DR-I
Gypsy-171-I_DR
Gypsy-17-I_DR
Gypsy134-LTR_DR
Gypsy-21-LTR_DR
Gypsy48-I_DR
BEL-45_DRe-LTR
Gypsy-174_DR-I
tRNA-Met
Gypsy140-LTR_DR
Gypsy107-I_Dr
Gypsy-26-LTR_DR
LTR4_DR
Gypsy38-I_DR
hAT-N83_DR
Gypsy142-I_DR
BELPADRE_LTR
Gypsy70-LTR_DR
Gypsy-23-LTR_DR
Gypsy153-I_DR
Gypsy86-I_DR
SAT-24_DR
BEL32-I_DR
Gypsy12-I_DR
Gypsy-197_DR-LTR
Gypsy119-I_DR
BEL12-LTR_DR
Gypsy-19-LTR_DR
ERV4_DR-LTR
LTR-13_DR
Gypsy-182_DR-I
Gypsy60-I_DR
BEL31-I_DR
Gypsy-216_DR-I
hAT-29_DR
Gypsy-225_DR-LTR
L1-87_DR
Gypsy104-I_Dr
hAT-21_DR
Copia3-I_DR
tRNA-Cys-TGY
Gypsy136-LTR_DR
hAT-N99_DR
Gypsy85-I_DR
tRNA-Ala-GCY
Gypsy46-LTR_DR
Gypsy68-I_DR
Gypsy52-I_DR
Gypsy100-LTR_DR
Gypsy48_LTR_DR
BEL-50_DRe-I
Copia-14_DR-LTR
tRNA-Phe-TTY
Gypsy49-LTR_DR
Gypsy88-I_DR
Gypsy172-I_Dr
Gypsy-110_DR-I
Gypsy-179_DR-I
Gypsy141-I_DR
BEL23-I_DR
BEL-56_DRe-LTR
L1-111_DR
ERV1-6_DR-I
Gypsy89-LTR_DR
Gypsy133-I_DR
BEL-47_DRe-I
Gypsy54-I_DR
Gypsy156-LTR_DR
Gypsy-187_DR-I
Gypsy160-I_DR
Tx1-43_DR
Penelope-2_DR
L1-105_DR
Gypsy120-I_DR
Gypsy56-I_DR
Gypsy-180_DR-I
Gypsy172-LTR_Dr
Gypsy122-I_DR
Gypsy-130_DR-I
Gypsy94-LTR_DR
Gypsy65-I_DR
Gypsy128-LTR_DR
Gypsy-19-I_DR
Gypsy101B-LTR_DR
Gypsy-14-LTR_DR
SAT-4_DR
Zisupton-4_DR
BEL34-I_DR
Gypsy120-LTR_DR
Gypsy144-I_DR
tRNA-Gln-CAG
Gypsy-188_DR-LTR
Gypsy-25-I_DR
Gypsy38-LTR_DR
Gypsy63-LTR_DR
Gypsy-111_DR-I
CATCH1I_DR
Gypsy-231_DR-LTR
Gypsy-196_DR-LTR
BEL-38-LTR_DR
BEL9-I_DR
BEL29-I_DR
Gypsy-177_DR-I
tRNA-Asp-GAY
BEL17-I_DR
Gypsy-226_DR-LTR
Gypsy78-I_DR
LSU-rRNA_Cel
BEL36-LTR_DR
Gypsy-221_DR-I
CATCH3LTR_DR
hAT-25_DR
Gypsy-130_DR-LTR
BHIKHARI-3-I_DR
Gypsy95-I_DR
BEL24-LTR_DR
Gypsy-173_DR-LTR
Gypsy-208_DR-I
Gypsy107-LTR_Dr
CATCH2LTR_DR
BEL-55_DRe-I
Gypsy35-I_DR
Gypsy4-I_DR
Gypsy88-LTR_DR
Gypsy-233_DR-LTR
Gypsy71-I_DR
ZFERV-2-LTR_DR
Gypsy75-I_DR
BEL21-I_DR
BEL-58_DRe-LTR
BEL14-I_DR
BEL-48_DRe-I
Gypsy140-I_DR
Gypsy-219_DR-I
Gypsy143-I_DR
Gypsy103-LTR_Dr
BEL-50_DRe-LTR
tRNA-Val-GTY
Gypsy134-I_DR
BEL15-I_DR
Gypsy-172_DR-LTR
Gypsy73-I_DR
Gypsy-192_DR-I
Gypsy65-LTR_DR
Gypsy76-LTR_DR
BEL-45_DRe-I
L1-99B_DR
RTEX-3_DR
Gypsy151-I_DR
Gypsy156-I_DR
Gypsy74-I_DR
Gypsy-198_DR-I
Gypsy-198_DR-LTR
Gypsy-196_DR-I
Copia2-I_DR
Gypsy-29-LTR_DR
BEL-52_DRe-LTR
Gypsy102-LTR_DR
Gypsy55-I_DR
Gypsy137-LTR_DR
Gypsy93-I_DR
Gypsy154-LTR_DR
BEL10-I_DR
BEL4-LTR_DR
Gypsy-162_DR-LTR
Gypsy4-LTR_DR
BEL-49_DRe-LTR
Gypsy-18-LTR_DR
Gypsy117-LTR_DR
Gypsy51-I_DR
BEL13-I_DR
Tx1-9_DR
Gypsy84-LTR_DR
BEL27-LTR_DR
Gypsy12-LTR_DR
Gypsy105-LTR_Dr
BEL-39_DRe-I
BEL-61_DRe-LTR
BEL-37-I_DR
BEL-44_DRe-I
Gypsy-170-LTR_DR
Gypsy-218_DR-I
BEL8-LTR_DR
ERV1-1C_DR-LTR
Gypsy-206_DR-I
hAT-9_DR
Gypsy-17-LTR_DR
Gypsy72-LTR_DR
BEL-62_DRe-LTR
Gypsy-226_DR-I
Gypsy163-I_DR
BEL-40_DRe-LTR
Gypsy5-I_DR
BEL-59_DRe-LTR
BovB-1_DR
Gypsy121-LTR_DR
Gypsy-180_DR-LTR
Gypsy158-LTR_DR
BEL-16_DR-I
Gypsy-170-I_DR
Gypsy71-LTR_DR
BEL7-LTR_DR
piggyBac-N10_DR
Gypsy9-I_DR
Gypsy52-LTR_DR
Gypsy122-LTR_DR
Gypsy60-LTR_DR
Gypsy85-LTR_DR
Gypsy57-I_DR
BEL-63_DRe-LTR
Gypsy90-LTR_DR
BEL32-LTR_DR
ERV1-7_DR-LTR
BEL2-I_DR
TDR21
R2Dr
Gypsy-211_DR-I
BEL-51_DRe-I
Gypsy51-LTR_DR
BEL-57_DRe-I
Gypsy159-LTR_DR
Gypsy-23-I_DR
BEL18-LTR_DR
BEL30-I_DR
BEL-43_DRe-LTR
Gypsy139-LTR_DR
BEL13-LTR_DR
Gypsy79-I_DR
ERV1-7_DR-I
Gypsy-178_DR-I
BEL30-LTR_DR
BEL20-LTR_DR
X5B_LINE
BEL-49_DRe-I
Gypsy145-LTR_DR
Gypsy149-LTR_DR
Gypsy-185_DR-I
Gypsy-211_DR-LTR
Gypsy116-LTR_DR
Gypsy-219_DR-LTR
Nimb-10_DR
Gypsy144-LTR_DR
BEL10-LTR_DR
BEL-41_DRe-I
BEL-54_DRe-LTR
TE-X-2B_DR
LTR-6B_DR
Gypsy-131_DR-LTR
Mariner-N17_DR
Gypsy-186_DR-I
L1-99_DR
Gypsy146-I_DR
Gypsy-201_DR-LTR
LTR-14_DR
hAT-8_DR
ZFERV_LTR
Gypsy104-LTR_DR
U5
ERV1-1-LTR_DR
tRNA-Trp-TGG
Gypsy-175_DR-I
Gypsy-20-I_DR
Ginger1-1N1_DR
ERV5_DR_LTR
BEL23-LTR_DR
BEL-44_DRe-LTR
Gypsy-129_DR-LTR
Gypsy57-LTR_DR
Gypsy74-LTR_DR
BEL3-LTR_DR
BEL22-LTR_DR
tRNA-Ile-ATA
Gypsy3-LTR_DR
Gypsy157-LTR_DR
Gypsy80-LTR_DR
Gypsy151-LTR_DR
Gypsy-166-LTR_DR
Gypsy123-LTR_DR
Harbinger-7_DR
BEL25-LTR_DR
Gypsy132-LTR_DR
MSAT-1_DR
BEL-39_DRe-LTR
tRNA-Gln-CAA
Gypsy-201_DR-I
Gypsy-195_DR-LTR
BEL-65_DRe-LTR
Gypsy146-LTR_DR
BEL-48_DRe-LTR
Gypsy-183_DR-I
BEL-26_DR-LTR
Gypsy78-LTR_DR
L1-28_DR
BEL-16_DR-LTR
BEL-41_DRe-LTR
Gypsy-204_DR-I
Gypsy-220_DR-I
U3
Gypsy9-LTR_DR
CATCH1LTR_DR
BEL-46_DRe-LTR
Gypsy66-LTR_DR
Gypsy75-LTR_DR
BEL-58_DRe-I
HY5
Gypsy-162_DR-I
Gypsy123-LTRb_DR
BEL1-I_DR
BEL-55_DRe-LTR
Gypsy-210_DR-LTR
Gypsy152-LTR_DR
BEL-60_DRe-LTR
Gypsy64-LTR_DR
Gypsy61-LTR_DR
BEL-60_DRe-I
Gypsy54-LTR_DR
Gypsy-18-I_DR
Gypsy-222_DR-LTR
Gypsy-217_DR-I
tRNA-Leu-TTA
HY4
Gypsy-191_DR-I
Gypsy-20-LTR_DR
Gypsy155-I_DR
BEL2-LTR_DR
Gypsy-177_DR-LTR
Gypsy53-LTR_DR
SAT-11_DR
Copia4-LTR_DR
BEL-57_DRe-LTR
Copia3-LTR_DR
Gypsy-166B_DR-LTR
Gypsy87-LTR_DR
hAT-26_DR
Gypsy-213_DR-I
BEL11-LTR_DR
Gypsy-181_DR-I
BEL33-LTR_DR
BEL9-LTR_DR
Gypsy152-I_DR
hAT-19_DR
Gypsy-205_DR-I
BEL29-LTR_DR
Harbinger-3_DR
BEL15-LTR_DR
ERV1_DR-LTR
Gypsy-204_DR-LTR
tRNA-Arg-AGA
BEL34-LTR_DR
Gypsy-207_DR-LTR
Gypsy67-LTR_DR
BEL17-LTR_DR
Gypsy-189_DR-LTR
BEL1-LTR_DR
IS3EU-6_DR
Gypsy-202_DR-I
Gypsy-186_DR-LTR
Copia5-LTR_DR
BEL21-LTR_DR
Gypsy153-LTR_DR
Harbinger-6_DR
Gypsy-191_DR-LTR
Gypsy-218_DR-LTR
BEL33-I_DR
Gypsy-30-LTR_DR
Gypsy55-LTR_DR
Gypsy138-LTR_DR
Copia1-LTR_DR
U4
EnSpm-4_DR
Gypsy160-LTR_DR
tRNA-Gly-GGA
SAT-8_DR
Gypsy99-LTR_DR
Gypsy141-LTR_DR
Gypsy93-LTR_DR
Gypsy7-LTR_DR
tRNA-Thr-ACA
Gypsy-176_DR-LTR
BEL-53_DRe-LTR
tRNA-Thr-ACY
Gypsy-192_DR-LTR
BEL-53_DRe-I
tRNA-Arg-CGA
tRNA-Lys-AAG
BEL14-LTR_DR
Gypsy142-LTR_DR
Gypsy-178_DR-LTR
SSU-rRNA_Cel
Gypsy-110_DR-LTR
U1
Gypsy58-LTR_DR
BEL-51_DRe-LTR
Gypsy-206_DR-LTR
Gypsy-185_DR-LTR
Gypsy68-LTR_DR
U2
Gypsy92-LTR_DR
Gypsy56-LTR_DR
Gypsy95-LTR_DR
Gypsy73-LTR_DR
Gypsy163-LTR_DR
BEL35-LTR_DR
Gypsy-184_DR-LTR
tRNA-Ala-GCG
Gypsy-190_DR-LTR
Gypsy143-LTR_DR
Gypsy86-LTR_DR
tRNA-Asn-AAC
L1-29_DR
Gypsy79-LTR_DR
polypurine
Gypsy-111_DR-LTR
Gypsy-183_DR-LTR
Gypsy-181_DR-LTR
TDR11
Gypsy-203_DR-LTR
TC1DR1
tRNA-Tyr-TAC
Gypsy-175_DR-LTR
Gypsy-208_DR-LTR
tRNA-Val-GTA
tRNA-Ile-ATC
tRNA-Ser-AGY
U17
Gypsy-217_DR-LTR
tRNA-Ala-GCA
Gypsy-174_DR-LTR
tRNA-Ser-TCG
Gypsy150-LTR_DR
tRNA-Arg-CGY
tRNA-Glu-GAG
U14
tRNA-Glu-GAA
U8
tRNA-Thr-ACG
U13
GypsyDR2_LTR
tRNA-Tyr-TAT
Polinton-2_DR
HY1
U7
DNA-2-32_DR
SUSHIIDR1_LTR
